
[7m[1m[36m RUN [39m[22m[27m [36mv1.6.1[39m [90mD:/Users/lucas/Documents/GitHub/innV0/modeliNNg[39m

[90mstdout[2m | src/utils/__tests__/markdownParser.test.ts[2m > [22m[2mMarkdown Parser Parity Tests[2m > [22m[2mshould parse and serialize back to the identical markdown (excluding timestamp)[22m[39m
--- DEBUG PARITY DIFF ---
Sample lines count: [33m303[39m Serialized lines count: [33m300[39m
Difference on line 21:
Expected (original): [- Distressed Homeowner Profile: Medium income, high panic.]
Actual   (gen):     []
-------------------------

 [33mΓ¥»[39m src/utils/__tests__/markdownParser.test.ts [2m ([22m[2m1 test[22m [2m|[22m [31m1 failed[39m[2m)[22m[90m 18[2mms[22m[39m
[31m   [33mΓ¥»[31m src/utils/__tests__/markdownParser.test.ts[2m > [22mMarkdown Parser Parity Tests[2m > [22mshould parse and serialize back to the identical markdown (excluding timestamp)[39m
[31m     ΓåÆ expected '---\nmetamodel: "../../innV0_master_dΓÇª' to be '---\nmetamodel: "../../innV0_master_dΓÇª' // Object.is equality[39m

[2m Test Files [22m [1m[31m1 failed[39m[22m[90m (1)[39m
[2m      Tests [22m [1m[31m1 failed[39m[22m[90m (1)[39m
[2m   Start at [22m 19:09:19
[2m   Duration [22m 953ms[2m (transform 82ms, setup 0ms, collect 104ms, tests 18ms, environment 0ms, prepare 208ms)[22m

